// Jest Snapshot v1, https://goo.gl/fbAQLP

exports[`List render default 1`] = `
<div>
  <div
    class="overflow-hidden rounded-lg border "
  >
    List
  </div>
</div>
`;
