// Jest Snapshot v1, https://goo.gl/fbAQLP

exports[`Features render default 1`] = `
<div>
  <section
    class="py-20"
    id="id"
  >
    <div
      class="MuiContainer-root MuiContainer-maxWidthLg css-1oqqzyl-MuiContainer-root"
    >
      <p
        class="text-center mb-3 text-blue-500 font-medium"
      >
        subtitle
      </p>
      <h1
        class="text-center mx-auto mb-8 text-4xl font-bold"
      >
        title
      </h1>
      <div
        class="max-w-2xl mx-auto"
      >
        <div
          class="grid grid-cols-1 md:grid-cols-2 gap-10"
        />
      </div>
    </div>
  </section>
</div>
`;
