// Jest Snapshot v1, https://goo.gl/fbAQLP

exports[`AppsTemplate render default 1`] = `
<div>
  <header
    class="MuiPaper-root MuiPaper-elevation MuiPaper-elevation4 MuiAppBar-root MuiAppBar-colorPrimary MuiAppBar-positionStatic css-hip9hq-MuiPaper-root-MuiAppBar-root"
  />
  <div
    class="py-12 border-b"
  >
    <div
      class="MuiContainer-root MuiContainer-maxWidthLg css-1oqqzyl-MuiContainer-root"
    >
      <div
        class="flex justify-between items-center"
      >
        <h1
          class="text-4xl uppercase"
        >
          title
        </h1>
        <div />
      </div>
    </div>
  </div>
  <div
    class="MuiContainer-root MuiContainer-maxWidthLg css-1oqqzyl-MuiContainer-root"
  >
    <div
      class="py-8"
    />
  </div>
</div>
`;
