// Jest Snapshot v1, https://goo.gl/fbAQLP

exports[`AppsTemplate render default 1`] = `
<div>
  Loading
</div>
`;
