// Jest Snapshot v1, https://goo.gl/fbAQLP

exports[`crypto schemas should match snapshot 1`] = `
Object {
  "definitions": Array [
    Object {
      "directives": Array [],
      "fields": Array [
        Object {
          "arguments": Array [
            Object {
              "defaultValue": undefined,
              "description": undefined,
              "directives": Array [],
              "kind": "InputValueDefinition",
              "name": Object {
                "kind": "Name",
                "value": "amount",
              },
              "type": Object {
                "kind": "NonNullType",
                "type": Object {
                  "kind": "NamedType",
                  "name": Object {
                    "kind": "Name",
                    "value": "Float",
                  },
                },
              },
            },
            Object {
              "defaultValue": undefined,
              "description": undefined,
              "directives": Array [],
              "kind": "InputValueDefinition",
              "name": Object {
                "kind": "Name",
                "value": "base",
              },
              "type": Object {
                "kind": "NonNullType",
                "type": Object {
                  "kind": "NamedType",
                  "name": Object {
                    "kind": "Name",
                    "value": "String",
                  },
                },
              },
            },
          ],
          "description": undefined,
          "directives": Array [],
          "kind": "FieldDefinition",
          "name": Object {
            "kind": "Name",
            "value": "rates",
          },
          "type": Object {
            "kind": "ListType",
            "type": Object {
              "kind": "NamedType",
              "name": Object {
                "kind": "Name",
                "value": "Rate",
              },
            },
          },
        },
      ],
      "interfaces": Array [],
      "kind": "ObjectTypeExtension",
      "name": Object {
        "kind": "Name",
        "value": "Query",
      },
    },
    Object {
      "description": undefined,
      "directives": Array [],
      "fields": Array [
        Object {
          "arguments": Array [],
          "description": undefined,
          "directives": Array [],
          "kind": "FieldDefinition",
          "name": Object {
            "kind": "Name",
            "value": "rate",
          },
          "type": Object {
            "kind": "NamedType",
            "name": Object {
              "kind": "Name",
              "value": "Float",
            },
          },
        },
        Object {
          "arguments": Array [],
          "description": undefined,
          "directives": Array [],
          "kind": "FieldDefinition",
          "name": Object {
            "kind": "Name",
            "value": "symbol",
          },
          "type": Object {
            "kind": "NamedType",
            "name": Object {
              "kind": "Name",
              "value": "String",
            },
          },
        },
      ],
      "interfaces": Array [],
      "kind": "ObjectTypeDefinition",
      "name": Object {
        "kind": "Name",
        "value": "Rate",
      },
    },
  ],
  "kind": "Document",
  "loc": Object {
    "end": 130,
    "start": 0,
  },
}
`;
