// Jest Snapshot v1, https://goo.gl/fbAQLP

exports[`hedera schemas should match snapshot 1`] = `
Object {
  "definitions": Array [
    Object {
      "directives": Array [],
      "fields": Array [
        Object {
          "arguments": Array [
            Object {
              "defaultValue": undefined,
              "description": undefined,
              "directives": Array [],
              "kind": "InputValueDefinition",
              "name": Object {
                "kind": "Name",
                "value": "email",
              },
              "type": Object {
                "kind": "NonNullType",
                "type": Object {
                  "kind": "NamedType",
                  "name": Object {
                    "kind": "Name",
                    "value": "String",
                  },
                },
              },
            },
          ],
          "description": undefined,
          "directives": Array [],
          "kind": "FieldDefinition",
          "name": Object {
            "kind": "Name",
            "value": "account",
          },
          "type": Object {
            "kind": "NamedType",
            "name": Object {
              "kind": "Name",
              "value": "Account",
            },
          },
        },
        Object {
          "arguments": Array [
            Object {
              "defaultValue": undefined,
              "description": undefined,
              "directives": Array [],
              "kind": "InputValueDefinition",
              "name": Object {
                "kind": "Name",
                "value": "email",
              },
              "type": Object {
                "kind": "NonNullType",
                "type": Object {
                  "kind": "NamedType",
                  "name": Object {
                    "kind": "Name",
                    "value": "String",
                  },
                },
              },
            },
          ],
          "description": undefined,
          "directives": Array [],
          "kind": "FieldDefinition",
          "name": Object {
            "kind": "Name",
            "value": "balance",
          },
          "type": Object {
            "kind": "NamedType",
            "name": Object {
              "kind": "Name",
              "value": "Balance",
            },
          },
        },
      ],
      "interfaces": Array [],
      "kind": "ObjectTypeExtension",
      "name": Object {
        "kind": "Name",
        "value": "Query",
      },
    },
    Object {
      "directives": Array [],
      "fields": Array [
        Object {
          "arguments": Array [
            Object {
              "defaultValue": undefined,
              "description": undefined,
              "directives": Array [],
              "kind": "InputValueDefinition",
              "name": Object {
                "kind": "Name",
                "value": "email",
              },
              "type": Object {
                "kind": "NonNullType",
                "type": Object {
                  "kind": "NamedType",
                  "name": Object {
                    "kind": "Name",
                    "value": "String",
                  },
                },
              },
            },
          ],
          "description": undefined,
          "directives": Array [],
          "kind": "FieldDefinition",
          "name": Object {
            "kind": "Name",
            "value": "account",
          },
          "type": Object {
            "kind": "NamedType",
            "name": Object {
              "kind": "Name",
              "value": "Account",
            },
          },
        },
        Object {
          "arguments": Array [
            Object {
              "defaultValue": undefined,
              "description": undefined,
              "directives": Array [],
              "kind": "InputValueDefinition",
              "name": Object {
                "kind": "Name",
                "value": "amount",
              },
              "type": Object {
                "kind": "NonNullType",
                "type": Object {
                  "kind": "NamedType",
                  "name": Object {
                    "kind": "Name",
                    "value": "Float",
                  },
                },
              },
            },
            Object {
              "defaultValue": undefined,
              "description": undefined,
              "directives": Array [],
              "kind": "InputValueDefinition",
              "name": Object {
                "kind": "Name",
                "value": "fromEmail",
              },
              "type": Object {
                "kind": "NonNullType",
                "type": Object {
                  "kind": "NamedType",
                  "name": Object {
                    "kind": "Name",
                    "value": "String",
                  },
                },
              },
            },
            Object {
              "defaultValue": undefined,
              "description": undefined,
              "directives": Array [],
              "kind": "InputValueDefinition",
              "name": Object {
                "kind": "Name",
                "value": "toEmail",
              },
              "type": Object {
                "kind": "NonNullType",
                "type": Object {
                  "kind": "NamedType",
                  "name": Object {
                    "kind": "Name",
                    "value": "String",
                  },
                },
              },
            },
          ],
          "description": undefined,
          "directives": Array [],
          "kind": "FieldDefinition",
          "name": Object {
            "kind": "Name",
            "value": "transfer",
          },
          "type": Object {
            "kind": "NamedType",
            "name": Object {
              "kind": "Name",
              "value": "Transfer",
            },
          },
        },
      ],
      "interfaces": Array [],
      "kind": "ObjectTypeExtension",
      "name": Object {
        "kind": "Name",
        "value": "Mutation",
      },
    },
    Object {
      "description": undefined,
      "directives": Array [],
      "fields": Array [
        Object {
          "arguments": Array [],
          "description": undefined,
          "directives": Array [],
          "kind": "FieldDefinition",
          "name": Object {
            "kind": "Name",
            "value": "email",
          },
          "type": Object {
            "kind": "NamedType",
            "name": Object {
              "kind": "Name",
              "value": "String",
            },
          },
        },
        Object {
          "arguments": Array [],
          "description": undefined,
          "directives": Array [],
          "kind": "FieldDefinition",
          "name": Object {
            "kind": "Name",
            "value": "accountId",
          },
          "type": Object {
            "kind": "NamedType",
            "name": Object {
              "kind": "Name",
              "value": "String",
            },
          },
        },
        Object {
          "arguments": Array [],
          "description": undefined,
          "directives": Array [],
          "kind": "FieldDefinition",
          "name": Object {
            "kind": "Name",
            "value": "publicKey",
          },
          "type": Object {
            "kind": "NamedType",
            "name": Object {
              "kind": "Name",
              "value": "String",
            },
          },
        },
        Object {
          "arguments": Array [],
          "description": undefined,
          "directives": Array [],
          "kind": "FieldDefinition",
          "name": Object {
            "kind": "Name",
            "value": "privateKey",
          },
          "type": Object {
            "kind": "NamedType",
            "name": Object {
              "kind": "Name",
              "value": "String",
            },
          },
        },
      ],
      "interfaces": Array [],
      "kind": "ObjectTypeDefinition",
      "name": Object {
        "kind": "Name",
        "value": "Account",
      },
    },
    Object {
      "description": undefined,
      "directives": Array [],
      "fields": Array [
        Object {
          "arguments": Array [],
          "description": undefined,
          "directives": Array [],
          "kind": "FieldDefinition",
          "name": Object {
            "kind": "Name",
            "value": "symbol",
          },
          "type": Object {
            "kind": "NamedType",
            "name": Object {
              "kind": "Name",
              "value": "String",
            },
          },
        },
        Object {
          "arguments": Array [],
          "description": undefined,
          "directives": Array [],
          "kind": "FieldDefinition",
          "name": Object {
            "kind": "Name",
            "value": "name",
          },
          "type": Object {
            "kind": "NamedType",
            "name": Object {
              "kind": "Name",
              "value": "String",
            },
          },
        },
        Object {
          "arguments": Array [],
          "description": undefined,
          "directives": Array [],
          "kind": "FieldDefinition",
          "name": Object {
            "kind": "Name",
            "value": "balance",
          },
          "type": Object {
            "kind": "NamedType",
            "name": Object {
              "kind": "Name",
              "value": "Int",
            },
          },
        },
      ],
      "interfaces": Array [],
      "kind": "ObjectTypeDefinition",
      "name": Object {
        "kind": "Name",
        "value": "Balance",
      },
    },
    Object {
      "description": undefined,
      "directives": Array [],
      "fields": Array [
        Object {
          "arguments": Array [],
          "description": undefined,
          "directives": Array [],
          "kind": "FieldDefinition",
          "name": Object {
            "kind": "Name",
            "value": "status",
          },
          "type": Object {
            "kind": "NamedType",
            "name": Object {
              "kind": "Name",
              "value": "String",
            },
          },
        },
      ],
      "interfaces": Array [],
      "kind": "ObjectTypeDefinition",
      "name": Object {
        "kind": "Name",
        "value": "Transfer",
      },
    },
  ],
  "kind": "Document",
  "loc": Object {
    "end": 469,
    "start": 0,
  },
}
`;
